// Jest Snapshot v1, https://goo.gl/fbAQLP

exports[`buildVariables should build variables correctly 1`] = `
"/* Generated by @jsverse/variabless ðŸ’Ž */

body.light-theme {
    --A100: #00acc1;
    --B500: #e91e63;
    --D100: #BBDEFB;
    --E400: #26a69a;
}

body.dark-theme {
    --A100: #074100;
    --B500: #9b1340;
    --D100: #90abc2;
    --E400: #187269;
}

:root {
    --font-family: Roboto;
    --text10: 0.625rem;
    --text12: 0.75rem;
    --text14: 0.875rem;
    --text16: 1rem;
}

.A100 {
    color: var(--A100);
}

.B500 {
    color: var(--B500);
}

.D100 {
    color: var(--D100);
}

.E400 {
    color: var(--E400);
}

.font-family {
    font-family: var(--font-family);
}

.font-weight-regular {
    font-weight: normal;
}

.font-weight-medium {
    font-weight: 500;
}

.font-weight-bold {
    font-weight: bold;
}

.font-weight-custom {
    font-weight: var(--foo);
}

.text10 {
    font-size: var(--text10);
}

.text12 {
    font-size: var(--text12);
}

.text14 {
    font-size: var(--text14);
}

.text16 {
    font-size: var(--text16);
}"
`;
